This is pdfTeX, Version 3.141592653-2.6-1.40.27 (MiKTeX 25.4) (preloaded format=pdflatex 2025.11.13)  8 APR 2026 23:37
entering extended mode
 restricted \write18 enabled.
 file:line:error style messages enabled.
 %&-line parsing enabled.
**c:/Users/kasch/OneDrive/Desktop/Spring26/Defense/Lab09/Schoen_Keith_Lab09.tex
(c:/Users/kasch/OneDrive/Desktop/Spring26/Defense/Lab09/Schoen_Keith_Lab09.tex
LaTeX2e <2025-11-01>
L3 programming layer <2025-10-24>
(C:\Users\kasch\AppData\Local\Programs\MiKTeX\tex/latex/base\article.cls
Document Class: article 2025/01/22 v1.4n Standard LaTeX document class
(C:\Users\kasch\AppData\Local\Programs\MiKTeX\tex/latex/base\size12.clo
File: size12.clo 2025/01/22 v1.4n Standard LaTeX file (size option)
)
\c@part=\count275
\c@section=\count276
\c@subsection=\count277
\c@subsubsection=\count278
\c@paragraph=\count279
\c@subparagraph=\count280
\c@figure=\count281
\c@table=\count282
\abovecaptionskip=\skip49
\belowcaptionskip=\skip50
\bibindent=\dimen148
) (C:\Users\kasch\AppData\Local\Programs\MiKTeX\tex/latex/amsmath\amsmath.sty
Package: amsmath 2025/07/09 v2.17z AMS math features
\@mathmargin=\skip51

For additional information on amsmath, use the `?' option.
(C:\Users\kasch\AppData\Local\Programs\MiKTeX\tex/latex/amsmath\amstext.sty
Package: amstext 2024/11/17 v2.01 AMS text
 (C:\Users\kasch\AppData\Local\Programs\MiKTeX\tex/latex/amsmath\amsgen.sty
File: amsgen.sty 1999/11/30 v2.0 generic functions
\@emptytoks=\toks17
\ex@=\dimen149
)) (C:\Users\kasch\AppData\Local\Programs\MiKTeX\tex/latex/amsmath\amsbsy.sty
Package: amsbsy 1999/11/29 v1.2d Bold Symbols
\pmbraise@=\dimen150
) (C:\Users\kasch\AppData\Local\Programs\MiKTeX\tex/latex/amsmath\amsopn.sty
Package: amsopn 2022/04/08 v2.04 operator names
)
\inf@bad=\count283
LaTeX Info: Redefining \frac on input line 233.
\uproot@=\count284
\leftroot@=\count285
LaTeX Info: Redefining \overline on input line 398.
LaTeX Info: Redefining \colon on input line 409.
\classnum@=\count286
\DOTSCASE@=\count287
LaTeX Info: Redefining \ldots on input line 495.
LaTeX Info: Redefining \dots on input line 498.
LaTeX Info: Redefining \cdots on input line 619.
\Mathstrutbox@=\box53
\strutbox@=\box54
LaTeX Info: Redefining \big on input line 721.
LaTeX Info: Redefining \Big on input line 722.
LaTeX Info: Redefining \bigg on input line 723.
LaTeX Info: Redefining \Bigg on input line 724.
\big@size=\dimen151
LaTeX Font Info:    Redeclaring font encoding OML on input line 742.
LaTeX Font Info:    Redeclaring font encoding OMS on input line 743.
\macc@depth=\count288
LaTeX Info: Redefining \bmod on input line 904.
LaTeX Info: Redefining \pmod on input line 909.
LaTeX Info: Redefining \smash on input line 939.
LaTeX Info: Redefining \relbar on input line 969.
LaTeX Info: Redefining \Relbar on input line 970.
\c@MaxMatrixCols=\count289
\dotsspace@=\muskip17
\c@parentequation=\count290
\dspbrk@lvl=\count291
\tag@help=\toks18
\row@=\count292
\column@=\count293
\maxfields@=\count294
\andhelp@=\toks19
\eqnshift@=\dimen152
\alignsep@=\dimen153
\tagshift@=\dimen154
\tagwidth@=\dimen155
\totwidth@=\dimen156
\lineht@=\dimen157
\@envbody=\toks20
\multlinegap=\skip52
\multlinetaggap=\skip53
\mathdisplay@stack=\toks21
LaTeX Info: Redefining \[ on input line 2950.
LaTeX Info: Redefining \] on input line 2951.
) (C:\Users\kasch\AppData\Local\Programs\MiKTeX\tex/latex/amsfonts\amssymb.sty
Package: amssymb 2013/01/14 v3.01 AMS font symbols
 (C:\Users\kasch\AppData\Local\Programs\MiKTeX\tex/latex/amsfonts\amsfonts.sty
Package: amsfonts 2013/01/14 v3.01 Basic AMSFonts support
\symAMSa=\mathgroup4
\symAMSb=\mathgroup5
LaTeX Font Info:    Redeclaring math symbol \hbar on input line 98.
LaTeX Font Info:    Overwriting math alphabet `\mathfrak' in version `bold'
(Font)                  U/euf/m/n --> U/euf/b/n on input line 106.
)) (C:\Users\kasch\AppData\Local\Programs\MiKTeX\tex/latex/fancyhdr\fancyhdr.sty
Package: fancyhdr 2025/02/07 v5.2 Extensive control of page headers and footers
\f@nch@headwidth=\skip54
\f@nch@offset@elh=\skip55
\f@nch@offset@erh=\skip56
\f@nch@offset@olh=\skip57
\f@nch@offset@orh=\skip58
\f@nch@offset@elf=\skip59
\f@nch@offset@erf=\skip60
\f@nch@offset@olf=\skip61
\f@nch@offset@orf=\skip62
\f@nch@height=\skip63
\f@nch@footalignment=\skip64
\f@nch@widthL=\skip65
\f@nch@widthC=\skip66
\f@nch@widthR=\skip67
\@temptokenb=\toks22
) (C:\Users\kasch\AppData\Local\Programs\MiKTeX\tex/latex/geometry\geometry.sty
Package: geometry 2020/01/02 v5.9 Page Geometry
 (C:\Users\kasch\AppData\Local\Programs\MiKTeX\tex/latex/graphics\keyval.sty
Package: keyval 2022/05/29 v1.15 key=value parser (DPC)
\KV@toks@=\toks23
) (C:\Users\kasch\AppData\Local\Programs\MiKTeX\tex/generic/iftex\ifvtex.sty
Package: ifvtex 2019/10/25 v1.7 ifvtex legacy package. Use iftex instead.
 (C:\Users\kasch\AppData\Local\Programs\MiKTeX\tex/generic/iftex\iftex.sty
Package: iftex 2024/12/12 v1.0g TeX engine tests
))
\Gm@cnth=\count295
\Gm@cntv=\count296
\c@Gm@tempcnt=\count297
\Gm@bindingoffset=\dimen158
\Gm@wd@mp=\dimen159
\Gm@odd@mp=\dimen160
\Gm@even@mp=\dimen161
\Gm@layoutwidth=\dimen162
\Gm@layoutheight=\dimen163
\Gm@layouthoffset=\dimen164
\Gm@layoutvoffset=\dimen165
\Gm@dimlist=\toks24
 (C:\Users\kasch\AppData\Local\Programs\MiKTeX\tex/latex/geometry\geometry.cfg)) (C:\Users\kasch\AppData\Local\Programs\MiKTeX\tex/latex/hanging\hanging.sty
Package: hanging 2009/09/02 v1.2b hanging paragraphs and punctuation
\h@ngcommawd=\skip68
\h@ngfstopwd=\skip69
\h@ngquotewd=\skip70
\h@ngdquotewd=\skip71
\h@ngquerywd=\skip72
\h@ngexclwd=\skip73
\h@ngcolonwd=\skip74
\h@ngscolonwd=\skip75
) (C:\Users\kasch\AppData\Local\Programs\MiKTeX\tex/latex/enumitem\enumitem.sty
Package: enumitem 2025/02/06 v3.11 Customized lists
\labelindent=\skip76
\enit@outerparindent=\dimen166
\enit@toks=\toks25
\enit@inbox=\box55
\enit@count@id=\count298
\enitdp@description=\count299
) (C:\Users\kasch\AppData\Local\Programs\MiKTeX\tex/latex/graphics\graphicx.sty
Package: graphicx 2024/12/31 v1.2e Enhanced LaTeX Graphics (DPC,SPQR)
 (C:\Users\kasch\AppData\Local\Programs\MiKTeX\tex/latex/graphics\graphics.sty
Package: graphics 2024/08/06 v1.4g Standard LaTeX Graphics (DPC,SPQR)
 (C:\Users\kasch\AppData\Local\Programs\MiKTeX\tex/latex/graphics\trig.sty
Package: trig 2023/12/02 v1.11 sin cos tan (DPC)
) (C:\Users\kasch\AppData\Local\Programs\MiKTeX\tex/latex/graphics-cfg\graphics.cfg
File: graphics.cfg 2016/06/04 v1.11 sample graphics configuration
)
Package graphics Info: Driver file: pdftex.def on input line 106.
 (C:\Users\kasch\AppData\Local\Programs\MiKTeX\tex/latex/graphics-def\pdftex.def
File: pdftex.def 2025/09/29 v1.2d Graphics/color driver for pdftex
))
\Gin@req@height=\dimen167
\Gin@req@width=\dimen168
) (C:\Users\kasch\AppData\Local\Programs\MiKTeX\tex/latex/setspace\setspace.sty
Package: setspace 2022/12/04 v6.7b set line spacing
) (C:\Users\kasch\AppData\Local\Programs\MiKTeX\tex/latex/tools\tabularx.sty
Package: tabularx 2023/12/11 v2.12a `tabularx' package (DPC)
 (C:\Users\kasch\AppData\Local\Programs\MiKTeX\tex/latex/tools\array.sty
Package: array 2025/09/25 v2.6n Tabular extension package (FMi)
\col@sep=\dimen169
\ar@mcellbox=\box56
\extrarowheight=\dimen170
\NC@list=\toks26
\extratabsurround=\skip77
\backup@length=\skip78
\ar@cellbox=\box57
)
\TX@col@width=\dimen171
\TX@old@table=\dimen172
\TX@old@col=\dimen173
\TX@target=\dimen174
\TX@delta=\dimen175
\TX@cols=\count300
\TX@ftn=\toks27
) (C:\Users\kasch\AppData\Local\Programs\MiKTeX\tex/latex/xcolor\xcolor.sty
Package: xcolor 2024/09/29 v3.02 LaTeX color extensions (UK)
 (C:\Users\kasch\AppData\Local\Programs\MiKTeX\tex/latex/graphics-cfg\color.cfg
File: color.cfg 2016/01/02 v1.6 sample color configuration
)
Package xcolor Info: Driver file: pdftex.def on input line 274.
 (C:\Users\kasch\AppData\Local\Programs\MiKTeX\tex/latex/graphics\mathcolor.ltx)
Package xcolor Info: Model `cmy' substituted by `cmy0' on input line 1349.
Package xcolor Info: Model `hsb' substituted by `rgb' on input line 1353.
Package xcolor Info: Model `RGB' extended on input line 1365.
Package xcolor Info: Model `HTML' substituted by `rgb' on input line 1367.
Package xcolor Info: Model `Hsb' substituted by `hsb' on input line 1368.
Package xcolor Info: Model `tHsb' substituted by `hsb' on input line 1369.
Package xcolor Info: Model `HSB' substituted by `hsb' on input line 1370.
Package xcolor Info: Model `Gray' substituted by `gray' on input line 1371.
Package xcolor Info: Model `wave' substituted by `hsb' on input line 1372.
) (C:\Users\kasch\AppData\Local\Programs\MiKTeX\tex/latex/graphics\dvipsnam.def
File: dvipsnam.def 2016/06/17 v3.0m Driver-dependent file (DPC,SPQR)
) (C:\Users\kasch\AppData\Local\Programs\MiKTeX\tex/latex/tools\longtable.sty
Package: longtable 2025-10-13 v4.24 Multi-page Table package (DPC)
\LTleft=\skip79
\LTright=\skip80
\LTpre=\skip81
\LTpost=\skip82
\LTchunksize=\count301
\LTcapwidth=\dimen176
\LT@head=\box58
\LT@firsthead=\box59
\LT@foot=\box60
\LT@lastfoot=\box61
\LT@gbox=\box62
\LT@cols=\count302
\LT@rows=\count303
\c@LT@tables=\count304
\c@LT@chunks=\count305
\LT@p@ftn=\toks28
) (C:\Users\kasch\AppData\Local\Programs\MiKTeX\tex/latex/l3backend\l3backend-pdftex.def
File: l3backend-pdftex.def 2025-10-09 L3 backend support: PDF output (pdfTeX)
\l__color_backend_stack_int=\count306
) (Schoen_Keith_Lab09.aux)
\openout1 = `Schoen_Keith_Lab09.aux'.

LaTeX Font Info:    Checking defaults for OML/cmm/m/it on input line 37.
LaTeX Font Info:    ... okay on input line 37.
LaTeX Font Info:    Checking defaults for OMS/cmsy/m/n on input line 37.
LaTeX Font Info:    ... okay on input line 37.
LaTeX Font Info:    Checking defaults for OT1/cmr/m/n on input line 37.
LaTeX Font Info:    ... okay on input line 37.
LaTeX Font Info:    Checking defaults for T1/cmr/m/n on input line 37.
LaTeX Font Info:    ... okay on input line 37.
LaTeX Font Info:    Checking defaults for TS1/cmr/m/n on input line 37.
LaTeX Font Info:    ... okay on input line 37.
LaTeX Font Info:    Checking defaults for OMX/cmex/m/n on input line 37.
LaTeX Font Info:    ... okay on input line 37.
LaTeX Font Info:    Checking defaults for U/cmr/m/n on input line 37.
LaTeX Font Info:    ... okay on input line 37.

*geometry* driver: auto-detecting
*geometry* detected driver: pdftex
*geometry* verbose mode - [ preamble ] result:
* driver: pdftex
* paper: letterpaper
* layout: <same size as paper>
* layoutoffset:(h,v)=(0.0pt,0.0pt)
* modes: 
* h-part:(L,W,R)=(72.26999pt, 469.75502pt, 72.26999pt)
* v-part:(T,H,B)=(72.26999pt, 650.43001pt, 72.26999pt)
* \paperwidth=614.295pt
* \paperheight=794.96999pt
* \textwidth=469.75502pt
* \textheight=650.43001pt
* \oddsidemargin=0.0pt
* \evensidemargin=0.0pt
* \topmargin=-37.0pt
* \headheight=12.0pt
* \headsep=25.0pt
* \topskip=12.0pt
* \footskip=30.0pt
* \marginparwidth=44.0pt
* \marginparsep=10.0pt
* \columnsep=10.0pt
* \skip\footins=10.8pt plus 4.0pt minus 2.0pt
* \hoffset=0.0pt
* \voffset=0.0pt
* \mag=1000
* \@twocolumnfalse
* \@twosidefalse
* \@mparswitchfalse
* \@reversemarginfalse
* (1in=72.27pt=25.4mm, 1cm=28.453pt)

(C:\Users\kasch\AppData\Local\Programs\MiKTeX\tex/context/base/mkii\supp-pdf.mkii
[Loading MPS to PDF converter (version 2006.09.02).]
\scratchcounter=\count307
\scratchdimen=\dimen177
\scratchbox=\box63
\nofMPsegments=\count308
\nofMParguments=\count309
\everyMPshowfont=\toks29
\MPscratchCnt=\count310
\MPscratchDim=\dimen178
\MPnumerator=\count311
\makeMPintoPDFobject=\count312
\everyMPtoPDFconversion=\toks30
) (C:\Users\kasch\AppData\Local\Programs\MiKTeX\tex/latex/epstopdf-pkg\epstopdf-base.sty
Package: epstopdf-base 2020-01-24 v2.11 Base part for package epstopdf
Package epstopdf-base Info: Redefining graphics rule for `.eps' on input line 485.
 (C:\Users\kasch\AppData\Local\Programs\MiKTeX\tex/latex/00miktex\epstopdf-sys.cfg
File: epstopdf-sys.cfg 2021/03/18 v2.0 Configuration of epstopdf for MiKTeX
))
<images/logo.png, id=1, 1121.28pt x 1121.28pt>
File: images/logo.png Graphic file (type png)
<use images/logo.png>
Package pdftex.def Info: images/logo.png  used on input line 46.
(pdftex.def)             Requested size: 164.41711pt x 164.40358pt.
 [1

{C:/Users/kasch/AppData/Local/MiKTeX/fonts/map/pdftex/pdftex.map} <./images/logo.png>] (Schoen_Keith_Lab09.toc
LaTeX Font Info:    Trying to load font information for U+msa on input line 2.
 (C:\Users\kasch\AppData\Local\Programs\MiKTeX\tex/latex/amsfonts\umsa.fd
File: umsa.fd 2013/01/14 v3.01 AMS symbols A
)
LaTeX Font Info:    Trying to load font information for U+msb on input line 2.
 (C:\Users\kasch\AppData\Local\Programs\MiKTeX\tex/latex/amsfonts\umsb.fd
File: umsb.fd 2013/01/14 v3.01 AMS symbols B
))
\tf@toc=\write3
\openout3 = `Schoen_Keith_Lab09.toc'.

 [1]
<images/p1.1.png, id=13, 595.47469pt x 217.93922pt>
File: images/p1.1.png Graphic file (type png)
<use images/p1.1.png>
Package pdftex.def Info: images/p1.1.png  used on input line 81.
(pdftex.def)             Requested size: 234.8775pt x 85.96365pt.
<images/p1.2.1.png, id=14, 608.64891pt x 236.00671pt>
File: images/p1.2.1.png Graphic file (type png)
<use images/p1.2.1.png>
Package pdftex.def Info: images/p1.2.1.png  used on input line 86.
(pdftex.def)             Requested size: 234.8775pt x 91.07353pt.
<images/p1.2.2.png, id=15, 609.40172pt x 234.8775pt>
File: images/p1.2.2.png Graphic file (type png)
<use images/p1.2.2.png>
Package pdftex.def Info: images/p1.2.2.png  used on input line 88.
(pdftex.def)             Requested size: 234.8775pt x 90.52667pt.

Underfull \hbox (badness 10000) in paragraph at lines 86--90

 []


Package fancyhdr Warning: \headheight is too small (12.0pt): 
(fancyhdr)                Make it at least 14.49998pt, for example:
(fancyhdr)                \setlength{\headheight}{14.49998pt}.
(fancyhdr)                You might also make \topmargin smaller:
(fancyhdr)                \addtolength{\topmargin}{-2.49998pt}.

[1

 <./images/p1.1.png> <./images/p1.2.1.png> <./images/p1.2.2.png>]
<images/p1.3.1.png, id=23, 608.2725pt x 153.95015pt>
File: images/p1.3.1.png Graphic file (type png)
<use images/p1.3.1.png>
Package pdftex.def Info: images/p1.3.1.png  used on input line 93.
(pdftex.def)             Requested size: 234.8775pt x 59.44598pt.
<images/p1.3.2.png, id=24, 609.40172pt x 148.30406pt>
File: images/p1.3.2.png Graphic file (type png)
<use images/p1.3.2.png>
Package pdftex.def Info: images/p1.3.2.png  used on input line 95.
(pdftex.def)             Requested size: 234.8775pt x 57.15945pt.

Underfull \hbox (badness 10000) in paragraph at lines 93--97

 []


Package fancyhdr Warning: \headheight is too small (12.0pt): 
(fancyhdr)                Make it at least 14.49998pt, for example:
(fancyhdr)                \setlength{\headheight}{14.49998pt}.
(fancyhdr)                You might also make \topmargin smaller:
(fancyhdr)                \addtolength{\topmargin}{-2.49998pt}.

[2 <./images/p1.3.1.png> <./images/p1.3.2.png>]
<images/p1.4.1.png, id=30, 592.83984pt x 541.64859pt>
File: images/p1.4.1.png Graphic file (type png)
<use images/p1.4.1.png>
Package pdftex.def Info: images/p1.4.1.png  used on input line 101.
(pdftex.def)             Requested size: 150.32504pt x 137.3458pt.
<images/p1.4.2.png, id=31, 596.2275pt x 541.27219pt>
File: images/p1.4.2.png Graphic file (type png)
<use images/p1.4.2.png>
Package pdftex.def Info: images/p1.4.2.png  used on input line 101.
(pdftex.def)             Requested size: 150.32504pt x 136.46573pt.
<images/p1.4.3.png, id=32, 597.35672pt x 236.75954pt>
File: images/p1.4.3.png Graphic file (type png)
<use images/p1.4.3.png>
Package pdftex.def Info: images/p1.4.3.png  used on input line 101.
(pdftex.def)             Requested size: 150.32504pt x 59.5799pt.
<images/p1.4.4.png, id=33, 595.09828pt x 481.4236pt>
File: images/p1.4.4.png Graphic file (type png)
<use images/p1.4.4.png>
Package pdftex.def Info: images/p1.4.4.png  used on input line 103.
(pdftex.def)             Requested size: 234.8775pt x 190.00964pt.


Package fancyhdr Warning: \headheight is too small (12.0pt): 
(fancyhdr)                Make it at least 14.49998pt, for example:
(fancyhdr)                \setlength{\headheight}{14.49998pt}.
(fancyhdr)                You might also make \topmargin smaller:
(fancyhdr)                \addtolength{\topmargin}{-2.49998pt}.

[3 <./images/p1.4.1.png> <./images/p1.4.2.png> <./images/p1.4.3.png> <./images/p1.4.4.png>]
<images/p2.1.1.png, id=41, 438.51328pt x 461.09766pt>
File: images/p2.1.1.png Graphic file (type png)
<use images/p2.1.1.png>
Package pdftex.def Info: images/p2.1.1.png  used on input line 112.
(pdftex.def)             Requested size: 216.09045pt x 227.22034pt.
<images/p2.1.2.png, id=42, 440.0189pt x 336.88359pt>
File: images/p2.1.2.png Graphic file (type png)
<use images/p2.1.2.png>
Package pdftex.def Info: images/p2.1.2.png  used on input line 112.
(pdftex.def)             Requested size: 216.09045pt x 165.43936pt.
<images/p2.1.3.png, id=43, 438.8897pt x 52.69687pt>
File: images/p2.1.3.png Graphic file (type png)
<use images/p2.1.3.png>
Package pdftex.def Info: images/p2.1.3.png  used on input line 114.
(pdftex.def)             Requested size: 234.8775pt x 28.20178pt.
<images/p2.1.4.png, id=44, 438.8897pt x 77.91609pt>
File: images/p2.1.4.png Graphic file (type png)
<use images/p2.1.4.png>
Package pdftex.def Info: images/p2.1.4.png  used on input line 116.
(pdftex.def)             Requested size: 234.8775pt x 41.69836pt.

Underfull \hbox (badness 10000) in paragraph at lines 112--118

 []


Underfull \hbox (badness 10000) in paragraph at lines 112--118

 []

<images/p2.2.1.png, id=45, 467.12016pt x 103.88812pt>
File: images/p2.2.1.png Graphic file (type png)
<use images/p2.2.1.png>
Package pdftex.def Info: images/p2.2.1.png  used on input line 121.
(pdftex.def)             Requested size: 234.8775pt x 52.23718pt.
<images/p2.2.2.png, id=46, 465.99094pt x 121.57922pt>
File: images/p2.2.2.png Graphic file (type png)
<use images/p2.2.2.png>
Package pdftex.def Info: images/p2.2.2.png  used on input line 122.
(pdftex.def)             Requested size: 234.8775pt x 61.28107pt.
<images/p2.2.3.png, id=47, 467.12016pt x 115.18031pt>
File: images/p2.2.3.png Graphic file (type png)
<use images/p2.2.3.png>
Package pdftex.def Info: images/p2.2.3.png  used on input line 124.
(pdftex.def)             Requested size: 234.8775pt x 57.91513pt.

Underfull \hbox (badness 10000) in paragraph at lines 121--125

 []


Package fancyhdr Warning: \headheight is too small (12.0pt): 
(fancyhdr)                Make it at least 14.49998pt, for example:
(fancyhdr)                \setlength{\headheight}{14.49998pt}.
(fancyhdr)                You might also make \topmargin smaller:
(fancyhdr)                \addtolength{\topmargin}{-2.49998pt}.

[4 <./images/p2.1.1.png> <./images/p2.1.2.png> <./images/p2.1.3.png> <./images/p2.1.4.png>]
<images/p2.3.1.png, id=55, 466.74374pt x 341.40047pt>
File: images/p2.3.1.png Graphic file (type png)
<use images/p2.3.1.png>
Package pdftex.def Info: images/p2.3.1.png  used on input line 128.
(pdftex.def)             Requested size: 234.8775pt x 171.80418pt.
<images/p2.3.2.png, id=56, 559.7161pt x 83.9386pt>
File: images/p2.3.2.png Graphic file (type png)
<use images/p2.3.2.png>
Package pdftex.def Info: images/p2.3.2.png  used on input line 130.
(pdftex.def)             Requested size: 234.8775pt x 35.22322pt.
<images/p2.3.3.png, id=57, 558.21046pt x 74.52844pt>
File: images/p2.3.3.png Graphic file (type png)
<use images/p2.3.3.png>
Package pdftex.def Info: images/p2.3.3.png  used on input line 132.
(pdftex.def)             Requested size: 234.8775pt x 31.35858pt.
<images/p2.3.4.png, id=58, 557.45766pt x 124.96687pt>
File: images/p2.3.4.png Graphic file (type png)
<use images/p2.3.4.png>
Package pdftex.def Info: images/p2.3.4.png  used on input line 134.
(pdftex.def)             Requested size: 234.8775pt x 52.65161pt.

Underfull \hbox (badness 10000) in paragraph at lines 128--138

 []


Underfull \hbox (badness 10000) in paragraph at lines 128--138

 []


Underfull \hbox (badness 10000) in paragraph at lines 128--138

 []


Underfull \hbox (badness 10000) in paragraph at lines 128--138

 []


Package fancyhdr Warning: \headheight is too small (12.0pt): 
(fancyhdr)                Make it at least 14.49998pt, for example:
(fancyhdr)                \setlength{\headheight}{14.49998pt}.
(fancyhdr)                You might also make \topmargin smaller:
(fancyhdr)                \addtolength{\topmargin}{-2.49998pt}.

[5 <./images/p2.2.1.png> <./images/p2.2.2.png> <./images/p2.2.3.png> <./images/p2.3.1.png> <./images/p2.3.2.png>]
<images/p2.4.1.png, id=68, 438.8897pt x 414.79968pt>
File: images/p2.4.1.png Graphic file (type png)
<use images/p2.4.1.png>
Package pdftex.def Info: images/p2.4.1.png  used on input line 139.
(pdftex.def)             Requested size: 234.8775pt x 221.98842pt.
<images/p2.4.2.png, id=69, 440.39531pt x 185.19188pt>
File: images/p2.4.2.png Graphic file (type png)
<use images/p2.4.2.png>
Package pdftex.def Info: images/p2.4.2.png  used on input line 141.
(pdftex.def)             Requested size: 234.8775pt x 98.76724pt.
<images/p2.4.3.png, id=70, 438.13687pt x 104.26453pt>
File: images/p2.4.3.png Graphic file (type png)
<use images/p2.4.3.png>
Package pdftex.def Info: images/p2.4.3.png  used on input line 143.
(pdftex.def)             Requested size: 234.8775pt x 55.89471pt.

Underfull \hbox (badness 10000) in paragraph at lines 139--147

 []


Underfull \hbox (badness 10000) in paragraph at lines 139--147

 []


Underfull \hbox (badness 10000) in paragraph at lines 139--147

 []


Package fancyhdr Warning: \headheight is too small (12.0pt): 
(fancyhdr)                Make it at least 14.49998pt, for example:
(fancyhdr)                \setlength{\headheight}{14.49998pt}.
(fancyhdr)                You might also make \topmargin smaller:
(fancyhdr)                \addtolength{\topmargin}{-2.49998pt}.

[6 <./images/p2.3.3.png> <./images/p2.3.4.png> <./images/p2.4.1.png>]
<images/p2.5.1.png, id=77, 438.13687pt x 122.70844pt>
File: images/p2.5.1.png Graphic file (type png)
<use images/p2.5.1.png>
Package pdftex.def Info: images/p2.5.1.png  used on input line 148.
(pdftex.def)             Requested size: 234.8775pt x 65.78223pt.
<images/p2.5.2.png, id=78, 438.51328pt x 90.71391pt>
File: images/p2.5.2.png Graphic file (type png)
<use images/p2.5.2.png>
Package pdftex.def Info: images/p2.5.2.png  used on input line 150.
(pdftex.def)             Requested size: 234.8775pt x 48.5889pt.

Underfull \hbox (badness 10000) in paragraph at lines 148--151

 []


Underfull \hbox (badness 10000) in paragraph at lines 148--151

 []


Package fancyhdr Warning: \headheight is too small (12.0pt): 
(fancyhdr)                Make it at least 14.49998pt, for example:
(fancyhdr)                \setlength{\headheight}{14.49998pt}.
(fancyhdr)                You might also make \topmargin smaller:
(fancyhdr)                \addtolength{\topmargin}{-2.49998pt}.

[7 <./images/p2.4.2.png> <./images/p2.4.3.png> <./images/p2.5.1.png> <./images/p2.5.2.png>]
<images/p3.1.png, id=86, 438.51328pt x 58.34297pt>
File: images/p3.1.png Graphic file (type png)
<use images/p3.1.png>
Package pdftex.def Info: images/p3.1.png  used on input line 162.
(pdftex.def)             Requested size: 281.85587pt x 37.50049pt.
<images/p3.2.png, id=87, 439.2661pt x 62.10703pt>
File: images/p3.2.png Graphic file (type png)
<use images/p3.2.png>
Package pdftex.def Info: images/p3.2.png  used on input line 170.
(pdftex.def)             Requested size: 281.85587pt x 39.85164pt.
<images/p3.3.png, id=88, 433.24359pt x 64.74188pt>
File: images/p3.3.png Graphic file (type png)
<use images/p3.3.png>
Package pdftex.def Info: images/p3.3.png  used on input line 178.
(pdftex.def)             Requested size: 281.85587pt x 42.12123pt.


Package fancyhdr Warning: \headheight is too small (12.0pt): 
(fancyhdr)                Make it at least 14.49998pt, for example:
(fancyhdr)                \setlength{\headheight}{14.49998pt}.
(fancyhdr)                You might also make \topmargin smaller:
(fancyhdr)                \addtolength{\topmargin}{-2.49998pt}.

[8 <./images/p3.1.png> <./images/p3.2.png> <./images/p3.3.png>]
<images/p3.4.png, id=97, 439.6425pt x 63.61266pt>
File: images/p3.4.png Graphic file (type png)
<use images/p3.4.png>
Package pdftex.def Info: images/p3.4.png  used on input line 187.
(pdftex.def)             Requested size: 281.85587pt x 40.78279pt.
<images/p3.5.png, id=98, 437.76047pt x 42.1575pt>
File: images/p3.5.png Graphic file (type png)
<use images/p3.5.png>
Package pdftex.def Info: images/p3.5.png  used on input line 195.
(pdftex.def)             Requested size: 281.85587pt x 27.14343pt.


Package fancyhdr Warning: \headheight is too small (12.0pt): 
(fancyhdr)                Make it at least 14.49998pt, for example:
(fancyhdr)                \setlength{\headheight}{14.49998pt}.
(fancyhdr)                You might also make \topmargin smaller:
(fancyhdr)                \addtolength{\topmargin}{-2.49998pt}.

[9 <./images/p3.4.png> <./images/p3.5.png>]

Package fancyhdr Warning: \headheight is too small (12.0pt): 
(fancyhdr)                Make it at least 14.49998pt, for example:
(fancyhdr)                \setlength{\headheight}{14.49998pt}.
(fancyhdr)                You might also make \topmargin smaller:
(fancyhdr)                \addtolength{\topmargin}{-2.49998pt}.

[10] (Schoen_Keith_Lab09.aux)
 ***********
LaTeX2e <2025-11-01>
L3 programming layer <2025-10-24>
 ***********
 ) 
Here is how much of TeX's memory you used:
 4959 strings out of 467871
 77702 string characters out of 5418375
 493934 words of memory out of 5000000
 33782 multiletter control sequences out of 15000+600000
 635343 words of font info for 68 fonts, out of 8000000 for 9000
 1141 hyphenation exceptions out of 8191
 57i,11n,74p,461b,515s stack positions out of 10000i,1000n,20000p,200000b,200000s
 <C:\Users\kasch\AppData\Local\MiKTeX\fonts/pk/ljfour/jknappen/ec/dpi600\tcrm1200.pk><C:/Users/kasch/AppData/Local/Programs/MiKTeX/fonts/type1/public/amsfonts/cm/cmbx12.pfb><C:/Users/kasch/AppData/Local/Programs/MiKTeX/fonts/type1/public/amsfonts/cm/cmr12.pfb><C:/Users/kasch/AppData/Local/Programs/MiKTeX/fonts/type1/public/amsfonts/cm/cmti12.pfb><C:/Users/kasch/AppData/Local/Programs/MiKTeX/fonts/type1/public/amsfonts/cm/cmtt12.pfb>
Output written on Schoen_Keith_Lab09.pdf (12 pages, 2363096 bytes).
PDF statistics:
 129 PDF objects out of 1000 (max. 8388607)
 0 named destinations out of 1000 (max. 500000)
 156 words of extra memory for PDF output out of 10000 (max. 10000000)

